// Jest Snapshot v1, https://goo.gl/fbAQLP

exports[`renders correctly 1`] = `
Array [
  <div
    className="non-footer-content"
  >
    <div>
      <img
        alt="ALEX on Science"
        id="science-banner-image"
        src="science_banner.jpg"
      />
    </div>
    <div
      className="nav-bar text-div"
    >
      <div
        className="nav-option-div"
      >
        <a
          aria-current="page"
          className="nav-option active-nav-option"
          href="/"
          onClick={[Function]}
          onUpdate={[Function]}
          style={Object {}}
        >
          Home
        </a>
      </div>
      <div
        className="nav-option-div"
      >
        <a
          aria-current={null}
          className="nav-option"
          href="/youtube"
          onClick={[Function]}
          onUpdate={[Function]}
        >
          YouTube
        </a>
      </div>
      <div
        className="nav-option-div"
      >
        <a
          aria-current={null}
          className="nav-option"
          href="/resume"
          onClick={[Function]}
          onUpdate={[Function]}
        >
          Resume
        </a>
      </div>
      <div
        className="nav-option-div"
      >
        <a
          aria-current={null}
          className="nav-option"
          href="/projects"
          onClick={[Function]}
          onUpdate={[Function]}
        >
          Projects
        </a>
      </div>
      <div
        className="nav-option-div"
      >
        <a
          aria-current={null}
          className="nav-option"
          href="/art"
          onClick={[Function]}
          onUpdate={[Function]}
        >
          Art
        </a>
      </div>
      <div
        className="nav-option-div"
      >
        <a
          aria-current={null}
          className="nav-option"
          href="/contact"
          onClick={[Function]}
          onUpdate={[Function]}
        >
          Contact Me
        </a>
      </div>
    </div>
    <div>
      <div
        className="text-div bottom-margin"
      >
        <p>
          Hello there! My name is Alexander Wu. I am a graduate student who enjoys maintaining a YouTube channel and working on personal coding projects. Feel free to explore around!
        </p>
        <div
          className="popup"
          onClick={[Function]}
        >
          <span
            className="popup-outer"
          >
            What are those drawings in your banner?
          </span>
          <span
            className="popuptext"
          >
            As you might be able to tell, I love drawing, even if I
            '
            m not that good at it. Here you can see a Turing machine, AlphaGo, Albert Einstein, some DNA, and Rosalind Franklin. Franklin is particularly underappreciated - she was not recognized for a Nobel prize only because she had passed away by the time it was awarded.
          </span>
        </div>
      </div>
    </div>
  </div>,
  <footer
    className="text-div"
    id="footer-div"
  >
    <div
      className="left-half"
    >
      Alexander Wu
      <br />
      Let there be light.
    </div>
    <div
      className="right-half"
    >
      <a
        href="/contact"
        onClick={[Function]}
      >
        Contact me
      </a>
    </div>
  </footer>,
]
`;
