// Jest Snapshot v1, https://goo.gl/fbAQLP

exports[`renders correctly 1`] = `
Array [
  <div
    className="non-footer-content"
  >
    <div>
      <img
        alt="ALEX on Science"
        id="science-banner-image"
        src="science_banner.jpg"
      />
    </div>
    <div
      className="nav-bar text-div"
    >
      <div
        className="nav-option-div"
      >
        <a
          aria-current="page"
          className="nav-option active-nav-option"
          href="/"
          onClick={[Function]}
          onUpdate={[Function]}
          style={Object {}}
        >
          Home
        </a>
      </div>
      <div
        className="nav-option-div"
      >
        <a
          aria-current={null}
          className="nav-option"
          href="/youtube"
          onClick={[Function]}
          onUpdate={[Function]}
        >
          YouTube
        </a>
      </div>
      <div
        className="nav-option-div"
      >
        <a
          aria-current={null}
          className="nav-option"
          href="/resume"
          onClick={[Function]}
          onUpdate={[Function]}
        >
          Resume
        </a>
      </div>
      <div
        className="nav-option-div"
      >
        <a
          aria-current={null}
          className="nav-option"
          href="/projects"
          onClick={[Function]}
          onUpdate={[Function]}
        >
          Projects
        </a>
      </div>
      <div
        className="nav-option-div"
      >
        <a
          aria-current={null}
          className="nav-option"
          href="/art"
          onClick={[Function]}
          onUpdate={[Function]}
        >
          Art
        </a>
      </div>
      <div
        className="nav-option-div"
      >
        <a
          aria-current={null}
          className="nav-option"
          href="/contact"
          onClick={[Function]}
          onUpdate={[Function]}
        >
          Contact Me
        </a>
      </div>
    </div>
    <div>
      <div
        className="text-div bottom-margin"
      >
        <p>
          Hello there! My name is Alexander Wu. I am a graduate student who enjoys maintaining a YouTube channel and working on personal coding projects. Feel free to explore around!
        </p>
        <p>
          Check out some of my awesome 
          <a
            href="/projects"
            onClick={[Function]}
          >
            projects
          </a>
          ! Or, if you
          '
          d like to learn about me (I
          '
          m flattered), take a look at my
           
          <a
            href="/resume"
            onClick={[Function]}
          >
            resume
          </a>
          .
        </p>
        <span
          className="videos-title"
        >
          Recent Uploads
        </span>
        <div
          className="embedded-video-container"
        >
          <iframe
            allow="accelerometer; autoplay; clipboard-write; encrypted-media; gyroscope; picture-in-picture"
            allowFullScreen={true}
            className="embedded-video"
            frameBorder="0"
            height={200}
            src="https://www.youtube.com/embed/cHAVhoZx2os"
            title="Most recent video"
            width={355.55555555555554}
          />
          <iframe
            allow="accelerometer; autoplay; clipboard-write; encrypted-media; gyroscope; picture-in-picture"
            allowFullScreen={true}
            className="embedded-video"
            frameBorder="0"
            height={200}
            src="https://www.youtube.com/embed/cI5lkif-V1c"
            title="Most recent video"
            width={355.55555555555554}
          />
          <iframe
            allow="accelerometer; autoplay; clipboard-write; encrypted-media; gyroscope; picture-in-picture"
            allowFullScreen={true}
            className="embedded-video"
            frameBorder="0"
            height={200}
            src="https://www.youtube.com/embed/wuX_QyS0C3A"
            title="Most recent video"
            width={355.55555555555554}
          />
          <iframe
            allow="accelerometer; autoplay; clipboard-write; encrypted-media; gyroscope; picture-in-picture"
            allowFullScreen={true}
            className="embedded-video"
            frameBorder="0"
            height={200}
            src="https://www.youtube.com/embed/Vsgek3M1PZw"
            title="Most recent video"
            width={355.55555555555554}
          />
          <iframe
            allow="accelerometer; autoplay; clipboard-write; encrypted-media; gyroscope; picture-in-picture"
            allowFullScreen={true}
            className="embedded-video"
            frameBorder="0"
            height={200}
            src="https://www.youtube.com/embed/Jb6nFKPov-w"
            title="Most recent video"
            width={355.55555555555554}
          />
        </div>
        <div
          className="MuiPaper-root MuiAccordion-root expansion MuiAccordion-rounded MuiPaper-elevation1 MuiPaper-rounded"
        >
          <div
            aria-disabled={false}
            aria-expanded={false}
            className="MuiButtonBase-root MuiAccordionSummary-root"
            onBlur={[Function]}
            onClick={[Function]}
            onDragLeave={[Function]}
            onFocus={[Function]}
            onKeyDown={[Function]}
            onKeyUp={[Function]}
            onMouseDown={[Function]}
            onMouseLeave={[Function]}
            onMouseUp={[Function]}
            onTouchEnd={[Function]}
            onTouchMove={[Function]}
            onTouchStart={[Function]}
            role="button"
            tabIndex={0}
          >
            <div
              className="MuiAccordionSummary-content"
            >
              What are those drawings in your banner?
            </div>
            <div
              aria-disabled={false}
              aria-hidden={true}
              className="MuiButtonBase-root MuiIconButton-root MuiAccordionSummary-expandIcon MuiIconButton-edgeEnd"
              onBlur={[Function]}
              onDragLeave={[Function]}
              onFocus={[Function]}
              onKeyDown={[Function]}
              onKeyUp={[Function]}
              onMouseDown={[Function]}
              onMouseLeave={[Function]}
              onMouseUp={[Function]}
              onTouchEnd={[Function]}
              onTouchMove={[Function]}
              onTouchStart={[Function]}
              role={null}
              tabIndex={null}
            >
              <span
                className="MuiIconButton-label"
              >
                <svg
                  aria-hidden={true}
                  className="MuiSvgIcon-root"
                  focusable="false"
                  viewBox="0 0 24 24"
                >
                  <path
                    d="M16.59 8.59L12 13.17 7.41 8.59 6 10l6 6 6-6z"
                  />
                </svg>
              </span>
            </div>
          </div>
          <div
            className="MuiCollapse-container MuiCollapse-hidden"
            style={
              Object {
                "minHeight": "0px",
              }
            }
          >
            <div
              className="MuiCollapse-wrapper"
            >
              <div
                className="MuiCollapse-wrapperInner"
              >
                <div
                  role="region"
                >
                  <div
                    className="MuiAccordionDetails-root"
                  >
                    As you might be able to tell, I love drawing, even if I'm not that good at it. Here you can see a Turing machine, AlphaGo, Albert Einstein, some DNA, and Rosalind Franklin. Franklin is particularly underappreciated - she was not recognized for a Nobel prize only because she had passed away by the time it was awarded.
                  </div>
                </div>
              </div>
            </div>
          </div>
        </div>
      </div>
    </div>
  </div>,
  <footer
    className="text-div"
    id="footer-div"
  >
    <img
      alt="logo"
      className="logo"
      src="logo.png"
    />
    <div
      className="left-half"
    >
      Alexander Wu
      <br />
      Let there be light.
    </div>
    <div
      className="right-half"
    >
      <a
        href="/contact"
        onClick={[Function]}
      >
        Contact me
      </a>
    </div>
  </footer>,
]
`;
