// Jest Snapshot v1, https://goo.gl/fbAQLP

exports[`Art renders correctly 1`] = `
<div>
  <div
    className="text-div"
  >
    <p>
      Here is some random artwork I have drawn for fun. Enjoy!
    </p>
  </div>
  <div
    className="artwork-div"
  >
    <div
      id="kenobi-image"
    >
      <img
        alt="Hello there"
        className="bottom artwork-image"
        src="general_kenobi.png"
      />
      <img
        alt="General Kenobi"
        className="top artwork-image"
        src="hello_there.png"
      />
    </div>
  </div>
  <div
    className="artwork-div"
  >
    <img
      alt="How to name a math concept"
      className="artwork-image"
      src="math_name.jpg"
    />
  </div>
  <div
    className="artwork-div"
    id="fancy-pants-image"
  >
    <img
      alt="Fancy pants sketch"
      className="artwork-image"
      id="fancy-pants-image"
      src="fancy_pants_sketch.jpg"
    />
  </div>
</div>
`;
