// Jest Snapshot v1, https://goo.gl/fbAQLP

exports[`Resume renders correctly 1`] = `
<div
  className="outer-container top-margin bottom-margin"
>
  <nav
    className="contents-nav text-div"
  >
    <ol
      className="contents-ol"
    >
      <li
        className="contents-li"
      >
        <a
          className="contents-item"
          href="#education"
        >
          Education
        </a>
      </li>
      <li
        className="contents-li"
      >
        <a
          className="contents-item"
          href="#projects"
        >
          Projects
        </a>
      </li>
    </ol>
  </nav>
  <div
    className="text-div"
  >
    <img
      alt="Alexander Wu"
      className="photo"
      src="alexander_wu.jpg"
    />
    <span
      className="name-title"
    >
      Alexander Wu
    </span>
    <p>
      Hello! I am not currently seeking a new position, but you can
       
      <a
        href="/contact"
        onClick={[Function]}
      >
        contact me
      </a>
       for other matters. I
      '
      m a software developer who expresses his love for science through my YouTube channel, among other things. I
      '
      m passionate about education and enjoy doing volunteering work. In my spare time, I read novels, work on projects, practice Yoga, and ride my bike everywhere.
    </p>
    <section
      className="section"
      id="education"
    >
      <h2>
        Education
      </h2>
      <div>
        <p>
          Thesis:
           
          <a
            href="https://www2.eecs.berkeley.edu/Pubs/TechRpts/2021/EECS-2021-102.html"
          >
            Optimizations and Improvements to Cryptographic Libraries for zkSNARKs
          </a>
        </p>
      </div>
    </section>
    <section
      className="section"
      id="projects"
    >
      <h2>
        Projects
      </h2>
      <div>
        <p>
          See my 
          <a
            href="https://github.com/alexander-zw"
          >
            GitHub
          </a>
           for more.
        </p>
        <p>
          <strong>
            Guavabots
          </strong>
          <br />
          NP-complete graph problem with greedy algorithms and integer linear programming, Python
        </p>
        <p>
          <strong>
            Pintos
          </strong>
          <br />
          Operating system file storage with FFS, priority thread scheduling, and process execution, C
        </p>
        <p>
          <strong>
            Secure File Storage
          </strong>
          <br />
          Cryptographically encrypted and signed file storage and sharing system, Go
        </p>
        <p>
          <strong>
            The Labyrinth
          </strong>
          <br />
          2D maze game with world generation and game mechanics, Java
        </p>
        <p>
          <strong>
            BearMaps
          </strong>
          <br />
          Interactive navigation application similar to Google Maps, uses graphs and A* search, Java
        </p>
        <p>
          <strong>
            Stereo Vision
          </strong>
          <br />
          Detecting depth with two different images, quad tree compression, C and RISC-V
        </p>
      </div>
    </section>
  </div>
</div>
`;
